Supercluster_GPS_Data.c:37:7:strtoke	24	static
Supercluster_GPS_Data.c:64:6:Supercluster_Data_Init_GPS	8	static
Supercluster_GPS_Data.c:107:6:Supercluster_ReceiveUartChar_GPS	24	static
Supercluster_GPS_Data.c:148:8:Supercluster_GetChar_GPS	16	static
Supercluster_GPS_Data.c:167:6:Supercluster_GetLine_GPS	24	static
Supercluster_GPS_Data.c:194:6:Supercluster_ParseNMEA_GPRMC	24	static
Supercluster_GPS_Data.c:266:6:Supercluster_ParseNMEA_GPGGA	24	static
Supercluster_GPS_Data.c:353:6:Supercluster_ParseNMEA_GPGSV	24	static
Supercluster_GPS_Data.c:468:6:Supercluster_ParseNMEA_GPS	24	static
Supercluster_GPS_Data.c:488:9:Supercluster_IsFix_GPS	16	static
Supercluster_GPS_Data.c:506:6:Supercluster_Loop_GPS	16	static
Supercluster_GPS_Data.c:525:6:Supercluster_UART_GPS_Callback	16	static
